exports[`test should render a todos input component 1`] = `
<div
  id="todos-input">
  <input
    onChange={[Function]}
    type="text"
    value="" />
  <button
    onClick={[Function]}>
    Add todo!
  </button>
</div>
`;
