exports[`test should render a todos input component 1`] = `
<div
  id="todos-input">
  <input
    onChange={undefined}
    type="text"
    value={undefined} />
  <button
    onClick={[Function]}>
    Add todo!
  </button>
</div>
`;
